// Jest Snapshot v1, https://goo.gl/fbAQLP

exports[`<Test/> render without crashing 1`] = `
.emotion-0 {
  margin: 0;
  position: absolute;
  top: 50%;
  left: 50%;
  -ms-transform: translate(-50%, -50%);
  -webkit-transform: translate(-50%, -50%);
  -moz-transform: translate(-50%, -50%);
  -ms-transform: translate(-50%, -50%);
  transform: translate(-50%, -50%);
}

<div
  class="emotion-0"
>
  <section
    data-testid="test-container"
  >
    <p>
      <div
        class="mdc-snackbar mdc-snackbar--opening"
      >
        <div
          class="mdc-snackbar__surface"
        >
          <div
            aria-live="polite"
            class="mdc-snackbar__label"
            role="status"
          >
            Unauthorized
          </div>
          <div
            class="mdc-snackbar__actions"
          >
            <button
              class="mdc-button mdc-snackbar__action"
              type="button"
            >
              X
            </button>
          </div>
        </div>
      </div>
    </p>
    <p>
      <div
        class="mdc-snackbar mdc-snackbar--opening"
      >
        <div
          class="mdc-snackbar__surface"
        >
          <div
            aria-live="polite"
            class="mdc-snackbar__label"
            role="status"
          >
             Bad Request
          </div>
          <div
            class="mdc-snackbar__actions"
          >
            <button
              class="mdc-button mdc-snackbar__action"
              type="button"
            >
              X
            </button>
          </div>
        </div>
      </div>
    </p>
    <span
      data-testid="fallbackIndicator"
    >
      -
    </span>
  </section>
</div>
`;

exports[`<Test/> render without crashing with testDataSelector 1`] = `
.emotion-0 {
  margin: 0;
  position: absolute;
  top: 50%;
  left: 50%;
  -ms-transform: translate(-50%, -50%);
  -webkit-transform: translate(-50%, -50%);
  -moz-transform: translate(-50%, -50%);
  -ms-transform: translate(-50%, -50%);
  transform: translate(-50%, -50%);
}

<div
  class="emotion-0"
>
  <section
    data-testid="test-container"
  >
    <p>
      <div
        class="mdc-snackbar mdc-snackbar--opening"
      >
        <div
          class="mdc-snackbar__surface"
        >
          <div
            aria-live="polite"
            class="mdc-snackbar__label"
            role="status"
          >
            Unauthorized
          </div>
          <div
            class="mdc-snackbar__actions"
          >
            <button
              class="mdc-button mdc-snackbar__action"
              type="button"
            >
              X
            </button>
          </div>
        </div>
      </div>
    </p>
    <p>
      <div
        class="mdc-snackbar mdc-snackbar--opening"
      >
        <div
          class="mdc-snackbar__surface"
        >
          <div
            aria-live="polite"
            class="mdc-snackbar__label"
            role="status"
          >
             Bad Request
          </div>
          <div
            class="mdc-snackbar__actions"
          >
            <button
              class="mdc-button mdc-snackbar__action"
              type="button"
            >
              X
            </button>
          </div>
        </div>
      </div>
    </p>
    <span
      data-testid="fallbackIndicator"
    >
      -
    </span>
  </section>
</div>
`;

exports[`<Test/> render without crashing with testExampleSelector 1`] = `
.emotion-0 {
  margin: 0;
  position: absolute;
  top: 50%;
  left: 50%;
  -ms-transform: translate(-50%, -50%);
  -webkit-transform: translate(-50%, -50%);
  -moz-transform: translate(-50%, -50%);
  -ms-transform: translate(-50%, -50%);
  transform: translate(-50%, -50%);
}

<div
  class="emotion-0"
>
  <section
    data-testid="test-container"
  >
    <p>
      <div
        class="mdc-snackbar mdc-snackbar--opening"
      >
        <div
          class="mdc-snackbar__surface"
        >
          <div
            aria-live="polite"
            class="mdc-snackbar__label"
            role="status"
          >
            Unauthorized
          </div>
          <div
            class="mdc-snackbar__actions"
          >
            <button
              class="mdc-button mdc-snackbar__action"
              type="button"
            >
              X
            </button>
          </div>
        </div>
      </div>
    </p>
    <p>
      <div
        class="mdc-snackbar mdc-snackbar--opening"
      >
        <div
          class="mdc-snackbar__surface"
        >
          <div
            aria-live="polite"
            class="mdc-snackbar__label"
            role="status"
          >
             Bad Request
          </div>
          <div
            class="mdc-snackbar__actions"
          >
            <button
              class="mdc-button mdc-snackbar__action"
              type="button"
            >
              X
            </button>
          </div>
        </div>
      </div>
    </p>
    <span
      data-testid="fallbackIndicator"
    >
      -
    </span>
  </section>
</div>
`;

exports[`<Test/> render without crashing with testLoadingSelector 1`] = `
.emotion-0 {
  margin: 0;
  position: absolute;
  top: 50%;
  left: 50%;
  -ms-transform: translate(-50%, -50%);
  -webkit-transform: translate(-50%, -50%);
  -moz-transform: translate(-50%, -50%);
  -ms-transform: translate(-50%, -50%);
  transform: translate(-50%, -50%);
}

<div
  class="emotion-0"
>
  <section
    data-testid="test-container"
  >
    <p>
      <div
        class="mdc-snackbar mdc-snackbar--opening"
      >
        <div
          class="mdc-snackbar__surface"
        >
          <div
            aria-live="polite"
            class="mdc-snackbar__label"
            role="status"
          >
            Unauthorized
          </div>
          <div
            class="mdc-snackbar__actions"
          >
            <button
              class="mdc-button mdc-snackbar__action"
              type="button"
            >
              X
            </button>
          </div>
        </div>
      </div>
    </p>
    <p>
      <div
        class="mdc-snackbar mdc-snackbar--opening"
      >
        <div
          class="mdc-snackbar__surface"
        >
          <div
            aria-live="polite"
            class="mdc-snackbar__label"
            role="status"
          >
             Bad Request
          </div>
          <div
            class="mdc-snackbar__actions"
          >
            <button
              class="mdc-button mdc-snackbar__action"
              type="button"
            >
              X
            </button>
          </div>
        </div>
      </div>
    </p>
    <span
      data-testid="fallbackIndicator"
    >
      -
    </span>
  </section>
</div>
`;
