// Jest Snapshot v1, https://goo.gl/fbAQLP

exports[`<Test/> render without crashing 1`] = `
.emotion-0 {
  margin: 0;
  position: absolute;
  top: 50%;
  left: 50%;
  -ms-transform: translate(-50%, -50%);
  -webkit-transform: translate(-50%, -50%);
  -moz-transform: translate(-50%, -50%);
  -ms-transform: translate(-50%, -50%);
  transform: translate(-50%, -50%);
}

<div
  class="emotion-0"
>
  <section
    data-testid="test-container"
  >
    <div>
      <form>
        <input
          type="text"
          value=""
        />
        <button
          class="mdc-button"
          type="submit"
        >
          <span
            class="mdc-button__label"
          >
            search
          </span>
        </button>
      </form>
    </div>
    <section>
      <h2>
        a
      </h2>
      <article>
        <h3>
          aaaa
        </h3>
        <p>
          aaaa
        </p>
      </article>
      <article>
        <h3>
          abbb
        </h3>
        <p>
          abbb
        </p>
      </article>
    </section>
    <section>
      <h2>
        b
      </h2>
      <article>
        <h3>
          bbbb
        </h3>
        <p>
          bbbb
        </p>
      </article>
      <article>
        <h3>
          bccc
        </h3>
        <p>
          bccc
        </p>
      </article>
    </section>
    <p />
  </section>
</div>
`;

exports[`<Test/> render without crashing with testDataSelector 1`] = `
.emotion-0 {
  margin: 0;
  position: absolute;
  top: 50%;
  left: 50%;
  -ms-transform: translate(-50%, -50%);
  -webkit-transform: translate(-50%, -50%);
  -moz-transform: translate(-50%, -50%);
  -ms-transform: translate(-50%, -50%);
  transform: translate(-50%, -50%);
}

<div
  class="emotion-0"
>
  <section
    data-testid="test-container"
  >
    <div>
      <form>
        <input
          type="text"
          value=""
        />
        <button
          class="mdc-button"
          type="submit"
        >
          <span
            class="mdc-button__label"
          >
            search
          </span>
        </button>
      </form>
    </div>
    <section>
      <h2>
        a
      </h2>
      <article>
        <h3>
          aaaa
        </h3>
        <p>
          aaaa
        </p>
      </article>
      <article>
        <h3>
          abbb
        </h3>
        <p>
          abbb
        </p>
      </article>
    </section>
    <section>
      <h2>
        b
      </h2>
      <article>
        <h3>
          bbbb
        </h3>
        <p>
          bbbb
        </p>
      </article>
      <article>
        <h3>
          bccc
        </h3>
        <p>
          bccc
        </p>
      </article>
    </section>
    <p />
  </section>
</div>
`;

exports[`<Test/> render without crashing with testExampleSelector 1`] = `
.emotion-0 {
  margin: 0;
  position: absolute;
  top: 50%;
  left: 50%;
  -ms-transform: translate(-50%, -50%);
  -webkit-transform: translate(-50%, -50%);
  -moz-transform: translate(-50%, -50%);
  -ms-transform: translate(-50%, -50%);
  transform: translate(-50%, -50%);
}

<div
  class="emotion-0"
>
  <section
    data-testid="test-container"
  >
    <div>
      <form>
        <input
          type="text"
          value=""
        />
        <button
          class="mdc-button"
          type="submit"
        >
          <span
            class="mdc-button__label"
          >
            search
          </span>
        </button>
      </form>
    </div>
    <section>
      <h2>
        a
      </h2>
      <article>
        <h3>
          aaaa
        </h3>
        <p>
          aaaa
        </p>
      </article>
      <article>
        <h3>
          abbb
        </h3>
        <p>
          abbb
        </p>
      </article>
    </section>
    <section>
      <h2>
        b
      </h2>
      <article>
        <h3>
          bbbb
        </h3>
        <p>
          bbbb
        </p>
      </article>
      <article>
        <h3>
          bccc
        </h3>
        <p>
          bccc
        </p>
      </article>
    </section>
    <p />
  </section>
</div>
`;

exports[`<Test/> render without crashing with testLoadingSelector 1`] = `
.emotion-0 {
  margin: 0;
  position: absolute;
  top: 50%;
  left: 50%;
  -ms-transform: translate(-50%, -50%);
  -webkit-transform: translate(-50%, -50%);
  -moz-transform: translate(-50%, -50%);
  -ms-transform: translate(-50%, -50%);
  transform: translate(-50%, -50%);
}

<div
  class="emotion-0"
>
  <section
    data-testid="test-container"
  >
    <div>
      <form>
        <input
          type="text"
          value=""
        />
        <button
          class="mdc-button"
          type="submit"
        >
          <span
            class="mdc-button__label"
          >
            search
          </span>
        </button>
      </form>
    </div>
    <section>
      <h2>
        a
      </h2>
      <article>
        <h3>
          aaaa
        </h3>
        <p>
          aaaa
        </p>
      </article>
      <article>
        <h3>
          abbb
        </h3>
        <p>
          abbb
        </p>
      </article>
    </section>
    <section>
      <h2>
        b
      </h2>
      <article>
        <h3>
          bbbb
        </h3>
        <p>
          bbbb
        </p>
      </article>
      <article>
        <h3>
          bccc
        </h3>
        <p>
          bccc
        </p>
      </article>
    </section>
    <p />
  </section>
</div>
`;
